  [40m[90m▓▓▓▓▓▓▓▒▒▒▒▒▓▓▓▓▓▒▒▒▒▒▒▒▒▒▒▓▓▓▓▓▒▒▒▒▒▓▓▓▓▓▓▓[0m  
  [40m[90m▓▓▓▒▒[0m[40m[90m▼   ▼▼  ▼                ▼  ▼▼   ▼[0m[40m[90m▒▒▓▓▓[0m  
  [40m        [0m[40m[34m╷[0m[40m              [0m[40m[34m╷[0m[40m                [0m[40m[34m╷[0m[40m        [0m  
  [40m      [0m[40m[32m◦◦[0m[40m                [0m[40m[93m◦◦[0m[40m          [0m[40m[32m◦◦[0m[40m      [0m  
  [40m            [0m[40m[34m╷[0m[40m                      [0m[40m[34m╷[0m[40m            [0m  
  [40m[90m▓▓[0m[40m          [0m[40m[32m◦◦[0m[40m                    [0m[40m[93m◦◦[0m[40m          [0m[40m[90m▓▓[0m  
  [40m[90m▓▓▓[0m[40m        [0m[40m[34m~[0m[40m        [0m[40m[93m·[0m[40m          [0m[40m[34m~[0m[40m        [0m[40m[90m▓▓▓[0m  
  [40m[90m▓▓▓▓[0m[40m                [0m[40m[93m✦[0m[40m                       [0m[40m[90m▓▓▓▓[0m  
  [40m[90m▓▓▓▓▓▓[0m[40m      [0m[40m[90m▒▒▒▒▒▒░░░░░░░░░░░░▒▒▒▒▒▒[0m[40m      [0m[40m[90m▓▓▓▓▓▓[0m  
  [40m[90m▓▓▓▓▓▓▓▓▒▒▒▒▒▒▒▒▒▒▒▒▒▒▒▒▒▒▒▒▒▒▒▒▒▒▒▒▒▒▒▒▓▓▓▓▓▓▓▓[0m  
  [40m[90m▓▓▓▓▓▓▓▓▓▓▓▓▓▓▓▓▓▓▓▓▓▓▓▓▓▓▓▓▓▓▓▓▓▓▓▓▓▓▓▓▓▓▓▓▓▓▓▓[0m  