  [46m[36m                                    [0m[46m[37m~~~~[0m[46m[36m        [0m
  [46m[36m                  [0m[46m[33m▐▌[0m[46m[37m ~~[0m[46m[36m                         [0m
  [46m[36m      [0m[46m[31m▄▄▄▄▄▄▄▄▄▄▄▄[0m[41m[33m▐▌[0m[46m[31m▄▄▄▄▄▄▄▄▄▄▄▄▄▄▄▄▄▄[0m[46m[36m          [0m
  [46m[36m    [0m[41m[31m████████████████████████████████████████[0m[46m[36m    [0m
  [46m[31m▄▄▄▄[0m[43m[33m████████████[0m[43m[93m♦GREEN DRAGON♦[0m[43m[33m██████████████[0m[46m[31m▄▄▄▄[0m
  [43m[33m████[0m[43m[33m███[0m[43m[93m▐▓▓▓▓▌[0m[43m[33m████[0m[43m[93m▐▓▓▓▓▌[0m[43m[33m████[0m[43m[93m▐▓▓▓▓▌[0m[43m[33m████[0m[43m[93m▐▓▓▓▓▌[0m[43m[33m█[0m[43m[33m████[0m
  [43m[33m████[0m[43m[33m███[0m[43m[93m▐▓▓▓▓▌[0m[43m[33m███[0m[43m[97m╔══════╗[0m[43m[33m███[0m[43m[93m▐▓▓▓▓▌[0m[43m[33m███[0m[43m[93m▐▓▓▓▓▌[0m[43m[33m██[0m[43m[33m████[0m
  [43m[33m████[0m[43m[33m███[0m[43m[93m▐▓▓▓▓▌[0m[43m[33m███[0m[40m[97m║░░░░░░║[0m[43m[33m███[0m[43m[93m▐▓▓▓▓▌[0m[43m[33m███[0m[43m[93m▐▓▓▓▓▌[0m[43m[33m██[0m[43m[33m████[0m
  [43m[33m████[0m[43m[33m██[0m[43m[30m◯[0m[43m[33m████[0m[43m[30m◯[0m[43m[33m███[0m[40m[97m║░░░░░░║[0m[43m[33m███[0m[43m[30m◯[0m[43m[33m████[0m[43m[30m◯[0m[43m[33m████████████[0m[43m[33m████[0m
  [100m[90m░░▒░░▒░░▒░░▒░░▒░░▒░░▒░░▒░░▒░░▒░░▒░░▒░░▒░░▒░░▒░░▒[0m
  [42m[32m████████████████████████████████████████████████[0m
