  [46m                                [0m[46m[90m▄▄▄▄▄▄▄▄▄▄[0m[46m      [0m  
  [46m                            [0m[46m[90m▄▄▄▄[0m[46m[37m▄▄▄▄▄▄▄▄▄▄[0m[46m[90m▄▄▄▄[0m[46m  [0m  
  [46m[33m  ▄▄▄▄[0m[46m    [0m[46m[33m▄▄▄▄▄▄[0m[46m    [0m[46m[33m▄▄▄▄▄▄[0m[46m    [0m[46m[33m▄▄▄▄[0m[46m  [0m[46m[90m████████████[0m  
  [43m[30m│░░░░│[0m[46m  [0m[43m[30m│░░[0m[43m[31m╥[0m[43m[30m░░│[0m[46m  [0m[43m[30m│░░[0m[43m[31m╥[0m[43m[30m░░│[0m[46m  [0m[43m[30m│░░░│[0m[46m [0m[46m[90m████████████[0m  
  [43m[30m│░░░░│[0m[46m  [0m[43m[30m│░░░░░│[0m[46m  [0m[43m[30m│░░░░░│[0m[46m  [0m[43m[30m│░░░│[0m[46m [0m[46m[90m██[0m[46m          [0m  
  [44m[33m║[0m[44m   [0m[44m[33m║║[0m[44m   [0m[44m[33m║[0m[44m   [0m[44m[33m║║[0m[44m   [0m[44m[33m║[0m[44m   [0m[44m[33m║║[0m[44m   [0m[44m[33m║[0m[44m   [0m[44m[33m║[0m[44m        [0m  
  [44m[33m║[0m[44m[36m≈~~[0m[44m[33m║║[0m[44m[36m≈~~[0m[44m[33m║[0m[44m[36m≈~~[0m[44m[33m║║[0m[44m[36m≈~~[0m[44m[33m║[0m[44m[36m≈~~[0m[44m[33m║║[0m[44m[36m≈~~[0m[44m[33m║[0m[44m[36m≈~~[0m[44m[33m║[0m[44m[36m≈~~~~~~~[0m  
  [44m[36m~≈~~≈~~~≈~~≈~~~≈~~≈~~~≈~~≈~~~≈~~≈~~~≈~~≈~~[0m  
  [44m[36m≈~~~≈~~≈~~~≈~~≈~~~≈~~≈~~~≈~~≈~~~≈~~≈~~~≈~~[0m  
  [44m[36m~~≈~~~≈~~≈~~~≈~~≈~~~≈~~≈~~~≈~~≈~~~≈~~≈~~≈~[0m  
  [44m[36m≈~~≈~~~≈~~≈~~~≈~~≈~~~≈~~≈~~~≈~~≈~~~≈~~≈~~~[0m  