  [46m                   [0m[46m[90m░ ░[0m[46m      [0m[46m[90m░[0m[46m                    [0m  
  [46m                    [0m[46m[90m░ ░[0m[46m                         [0m  
  [46m                  [0m[46m[90m▄▄▄▄▄▄▄▄▄▄▄▄[0m[46m                  [0m  
  [46m              [0m[46m[90m▄▄▄▄[0m[47m[90m████████████[0m[46m[90m▄▄▄▄[0m[46m              [0m  
  [46m          [0m[46m[90m▄▄▄▄[0m[47m[90m████████████████████[0m[46m[90m▄▄▄▄[0m[46m          [0m  
  [46m      [0m[46m[90m▄▄▄▄[0m[47m[90m████████[0m[47m[31m▓▓[0m[47m[93m▓▓[0m[47m[31m▓▓[0m[47m[90m██████████[0m[46m[90m▄▄▄▄[0m[46m      [0m  
  [46m    [0m[46m[90m▄▄[0m[47m[90m██████████[0m[47m[33m╔══╗[0m[47m[90m████████████████[0m[46m[90m▄▄[0m[46m    [0m  
  [46m  [0m[46m[90m▄▄[0m[47m[90m████████████[0m[47m[33m╚══╝[0m[47m[90m████████████████████[0m[46m[90m▄▄[0m[46m  [0m  
  [46m[90m▄▄[0m[47m[90m████████████████████████████████████████████[0m[46m[90m▄▄[0m  
  [47m[90m▓▓▓▓▓▓▓▓▓▓▓▓▓▓▓▓▓▓▓▓▓▓▓▓▓▓▓▓▓▓▓▓▓▓▓▓▓▓▓▓▓▓▓▓▓▓▓▓[0m  
  [47m[90m▒▒▒▒▒▒▒▒▒▒▒▒▒▒▒▒▒▒▒▒▒▒▒▒▒▒▒▒▒▒▒▒▒▒▒▒▒▒▒▒▒▒▒▒▒▒▒▒[0m  