  [46m[93m ☀ [0m[46m[36m                                             [0m
  [46m[36m          [0m[46m[97m ░░░░ [0m[46m[36m        [0m[46m[30mv[0m[46m[36m   [0m[46m[30mv[0m[46m[36m       [0m[46m[97m░░░░[0m[46m[36m        [0m
  [46m[36m    [0m[46m[32m▄▄▄▄▄▄[0m[46m[36m    [0m[46m[32m▄▄▄▄▄▄▄▄▄▄▄▄▄▄▄▄[0m[46m[36m    [0m[46m[32m▄▄▄▄▄▄[0m[46m[36m        [0m
  [42m[32m████[0m[46m[32m▄▄[0m[42m[32m████████████[0m[42m[33m◦[0m[42m[32m████████[0m[42m[33m◦[0m[42m[32m████[0m[42m[33m◦[0m[42m[32m███████[0m[46m[32m▄▄[0m[42m[32m██████[0m
  [42m[32m████████[0m[42m[92m▓▓▓[0m[42m[32m██████████████[0m[42m[92m▓▓▓[0m[42m[32m██████[0m[42m[92m▓▓▓[0m[42m[32m███████████[0m
  [42m[32m████████████████████████████████████████████████[0m
  [42m[32m██████████████████[0m[42m[33m│[0m[42m[97mE→S[0m[42m[33m│[0m[42m[32m█████████████████████████[0m
  [42m[32m██████████████████[0m[42m[33m╧[0m[42m[32m███[0m[42m[33m╧[0m[42m[32m█████[0m[42m[31m✿[0m[42m[32m█[0m[42m[33m✿[0m[42m[32m█[0m[42m[31m✿[0m[42m[32m█[0m[42m[33m✿[0m[42m[32m█████████████[0m
  [42m[32m███████████████[0m[42m[33m░░░░░░░░░░░░░░░░░░[0m[42m[32m███████████████[0m
  [42m[32m██████[0m[42m[33m░░░░░░[0m[42m[32m██████[0m[42m[33m░░░░░░░░░░░░[0m[42m[32m██████[0m[42m[33m░░░░░░[0m[42m[32m██████[0m
  [42m[32m████[0m[42m[33m░░░░░░░░[0m[42m[32m████[0m[42m[32m████████████████[0m[42m[32m████[0m[42m[33m░░░░░░░░[0m[42m[32m████[0m
